C51 COMPILER V9.59.0.0   PROJECT                                                           04/15/2022 23:18:59 PAGE 1   


C51 COMPILER V9.59.0.0, COMPILATION OF MODULE PROJECT
OBJECT MODULE PLACED IN .\Objects\Project.obj
COMPILER INVOKED BY: C:\Program Files\MDK\C51\BIN\C51.EXE Project.c OPTIMIZE(8,SPEED) BROWSE DEBUG OBJECTEXTEND PRINT(.\
                    -Listings\Project.lst) TABS(2) OBJECT(.\Objects\Project.obj)

line level    source

   1          /**
   2          Title:LCD1602液晶屏显示
   3          Authors:DDH-qiu
   4          Date:2022-4-15
   5          Abstract:LCD1602液晶屏显示实践
   6          **/
   7          #include"reg51.h"
   8          sbit RS=P3^0;
   9          sbit RW=P3^1;
  10          sbit E=P3^2;
  11          unsigned char i=0;
  12          unsigned char str[]={"HELLO WORLD"};
  13          
  14          //延时子程序
  15          void delay(unsigned int t)
  16          {
  17   1        unsigned int i=0,j=0;
  18   1        for(i=0;i<t;i++)
  19   1        {
  20   2          for(j=0;j<120;j++);
  21   2        }
  22   1      }
  23          
  24          //写指令码
  25          void writecom(unsigned char com)
  26          {
  27   1        RS=0;
  28   1        RW=0;
  29   1        E=0;
  30   1        P2=com;
  31   1        delay(5);
  32   1        E=1;
  33   1        E=0;
  34   1      }
  35          
  36          //写数据
  37          void writedat(unsigned char dat)
  38          {
  39   1        RS=1;
  40   1        RW=0;
  41   1        E=0;
  42   1        P2=dat;
  43   1        delay(5);
  44   1        E=1;
  45   1        E=0;
  46   1      }
  47          
  48          //lcd初始化设置
  49          void init_lcd()
  50          {
  51   1        writecom(0x38);//设置16x2显示，5x7点阵，8位数据接口
  52   1        writecom(0x0c);//设置开显示，不显示光标
  53   1        writecom(0x06);//写一个字符后地址指针加1
  54   1        writecom(0x01);//显示清0，数据指针清0
C51 COMPILER V9.59.0.0   PROJECT                                                           04/15/2022 23:18:59 PAGE 2   

  55   1      }
  56          
  57          //显示函数,zey是狗，玩笑啦zey是我宝贝😘😘
  58          void display()
  59          {
  60   1        writecom(0x80);//第一行显示
  61   1        delay(50);
  62   1        writedat('z');
  63   1        delay(5);
  64   1        writedat('e');
  65   1        delay(5);
  66   1        writedat('y');
  67   1        delay(5);
  68   1        writedat('s');
  69   1        delay(5);
  70   1        writedat('g');
  71   1        delay(5);
  72   1        writecom(0xc0+3);
  73   1        while(str[i]!='\0')
  74   1        {
  75   2          writedat(str[i]);
  76   2          delay(5);
  77   2          i++;
  78   2        }
  79   1        delay(5);
  80   1      
  81   1      }
  82          
  83          void main()
  84          {
  85   1        init_lcd();
  86   1        while(1)
  87   1        {
  88   2          display();
  89   2        }
  90   1      }


MODULE INFORMATION:   STATIC OVERLAYABLE
   CODE SIZE        =    164    ----
   CONSTANT SIZE    =   ----    ----
   XDATA SIZE       =   ----    ----
   PDATA SIZE       =   ----    ----
   DATA SIZE        =     13    ----
   IDATA SIZE       =   ----    ----
   BIT SIZE         =   ----    ----
END OF MODULE INFORMATION.


C51 COMPILATION COMPLETE.  0 WARNING(S),  0 ERROR(S)
