C51 COMPILER V9.59.0.0   PROJECT                                                           04/01/2022 21:02:53 PAGE 1   


C51 COMPILER V9.59.0.0, COMPILATION OF MODULE PROJECT
OBJECT MODULE PLACED IN .\Objects\Project.obj
COMPILER INVOKED BY: C:\Program Files\MDK\C51\BIN\C51.EXE Project.c OPTIMIZE(8,SPEED) BROWSE DEBUG OBJECTEXTEND PRINT(.\
                    -Listings\Project.lst) TABS(2) OBJECT(.\Objects\Project.obj)

line level    source

   1          #include"reg51.h"
   2          //sbit LED0=P2^0;
   3          //sbit LED1=P1^0;置位IO口
   4          
   5          //延时
   6          void delay(unsigned int n)//延时子函数
   7          {
   8   1        unsigned int j=0;
   9   1        unsigned int i=0;
  10   1        for(i=0;i<n;i++)
  11   1        {
  12   2          for(j=0;j<120;j++);
  13   2        }
  14   1      }
  15          
  16          void led()
  17          {
  18   1        int i=0;
  19   1        for(i=0;i<8;i++)
  20   1        {
  21   2          P2=~(0x01<<i);//0000 0001,<<移位
  22   2          P1=0x01<<i;
  23   2          delay(50);
  24   2        }
  25   1      }
  26          
  27          void main()
  28          {
  29   1        while(1){
  30   2          led();
  31   2        }
  32   1      }


MODULE INFORMATION:   STATIC OVERLAYABLE
   CODE SIZE        =     78    ----
   CONSTANT SIZE    =   ----    ----
   XDATA SIZE       =   ----    ----
   PDATA SIZE       =   ----    ----
   DATA SIZE        =   ----    ----
   IDATA SIZE       =   ----    ----
   BIT SIZE         =   ----    ----
END OF MODULE INFORMATION.


C51 COMPILATION COMPLETE.  0 WARNING(S),  0 ERROR(S)
