C51 COMPILER V9.59.0.0   PROJECT                                                           04/16/2022 23:51:05 PAGE 1   


C51 COMPILER V9.59.0.0, COMPILATION OF MODULE PROJECT
OBJECT MODULE PLACED IN .\Objects\Project.obj
COMPILER INVOKED BY: C:\Program Files\MDK\C51\BIN\C51.EXE Project.c OPTIMIZE(8,SPEED) BROWSE DEBUG OBJECTEXTEND PRINT(.\
                    -Listings\Project.lst) TABS(2) OBJECT(.\Objects\Project.obj)

line level    source

   1          /**
   2          Title:
   3          Authors:DDH-qiu
   4          Date:2022-
   5          Abstract:
   6          **/
   7          #include"reg51.h"
   8          sbit start=P3^0;
   9          sbit EOC=P3^1;
  10          sbit OE=P3^2;
  11          sbit RS=P3^3;
  12          sbit RW=P3^4;
  13          sbit E=P3^5;
  14          unsigned int vol=0;
  15          unsigned char t[]={"0123456789"};
  16          unsigned char s[]={"VOLTAGE:"};
  17          
  18          void delay(unsigned int n)
  19          {
  20   1        unsigned char i=0,j=0;
  21   1        for(i=0;i<n;i++)
  22   1        {
  23   2          for(j=0;j<120;j++);
  24   2        }
  25   1      }
  26          
  27          void adc()
  28          {
  29   1        start=0;
  30   1        start=1;
  31   1        delay(5);
  32   1        start=0;
  33   1        while(EOC!=1);
  34   1        OE=1;
  35   1        vol=P2;
  36   1        OE=0;
  37   1      }
  38          
  39          //写指令码
  40          void writecom(unsigned char com)
  41          {
  42   1        RS=0;
  43   1        RW=0;
  44   1        E=0;
  45   1        P1=com;
  46   1        delay(1);
  47   1        E=1;
  48   1        E=0;
  49   1      }
  50          
  51          //写数据
  52          void writedat(unsigned char dat)
  53          {
  54   1        RS=1;
C51 COMPILER V9.59.0.0   PROJECT                                                           04/16/2022 23:51:05 PAGE 2   

  55   1        RW=0;
  56   1        E=0;
  57   1        P1=dat;
  58   1        delay(1);
  59   1        E=1;
  60   1        E=0;
  61   1      }
  62          
  63          //lcd初始化设置
  64          void init_lcd()
  65          {
  66   1        writecom(0x38);//设置16x2显示，5x7点阵，8位数据接口
  67   1        writecom(0x0c);//设置开显示，不显示光标
  68   1        writecom(0x06);//写一个字符后地址指针加1
  69   1        writecom(0x01);//显示清0，数据指针清0
  70   1      }
  71          
  72          
  73          //电压显示功能
  74          void display()
  75          {
  76   1        int i=0;
  77   1        unsigned char temp0=0,temp1=0,temp2=0;
  78   1        vol=vol*100/51;
  79   1        temp0=vol/100;
  80   1        temp1=(vol%100)/10;
  81   1        temp2=vol%10;
  82   1      
  83   1        writecom(0x80);
  84   1        for(i=0;i<8;i++)
  85   1        {
  86   2          writedat(s[i]);
  87   2          delay(5);
  88   2        }
  89   1      
  90   1        writecom(0x80+0x40);
  91   1        delay(5);
  92   1        writedat(t[temp0]);
  93   1        delay(5);
  94   1        writedat('.');
  95   1        delay(5);
  96   1        writedat(t[temp1]);
  97   1        delay(5);
  98   1        writedat(t[temp2]);
  99   1        delay(5); 
 100   1        writedat('V');
 101   1        delay(5);
 102   1      }
 103          
 104          void main()
 105          {
 106   1        init_lcd();   
 107   1        while(1)
 108   1        { 
 109   2          display();  
 110   2          adc();      
 111   2        }
 112   1      }


MODULE INFORMATION:   STATIC OVERLAYABLE
   CODE SIZE        =    274    ----
C51 COMPILER V9.59.0.0   PROJECT                                                           04/16/2022 23:51:05 PAGE 3   

   CONSTANT SIZE    =   ----    ----
   XDATA SIZE       =   ----    ----
   PDATA SIZE       =   ----    ----
   DATA SIZE        =     22       2
   IDATA SIZE       =   ----    ----
   BIT SIZE         =   ----    ----
END OF MODULE INFORMATION.


C51 COMPILATION COMPLETE.  0 WARNING(S),  0 ERROR(S)
