C51 COMPILER V9.59.0.0   PROJECT                                                           04/17/2022 15:47:08 PAGE 1   


C51 COMPILER V9.59.0.0, COMPILATION OF MODULE PROJECT
OBJECT MODULE PLACED IN .\Objects\Project.obj
COMPILER INVOKED BY: C:\Program Files\MDK\C51\BIN\C51.EXE Project.c OPTIMIZE(8,SPEED) BROWSE DEBUG OBJECTEXTEND PRINT(.\
                    -Listings\Project.lst) TABS(2) OBJECT(.\Objects\Project.obj)

line level    source

   1          /**
   2          Title:
   3          Authors:DDH-qiu
   4          Date:2022-
   5          Abstract:
   6          **/
   7          #include"reg51.h"
   8          #define uint unsigned int 
   9          sbit IN1=P2^0;
  10          sbit IN2=P2^1;
  11          sbit E=P2^2;
  12          unsigned char valueh[]={0xf8,0xe0};
  13          unsigned char valuel[]={0x30,0xc0};
  14          
  15          //延时函数
  16          void delay(uint n)
  17          {
  18   1        uint i=0,j=0;
  19   1        for(i=0;i<n;i++)
  20   1        {
  21   2          for(j=0;j<120;j++);
  22   2        }
  23   1      }
  24          
  25          //电机驱动函数
  26          void motor()
  27          {
  28   1        IN1=0;
  29   1        // IN2=1;
  30   1        // delay(50);
  31   1        // IN2=0;
  32   1        // delay(50);
  33   1        E=1;
  34   1      }
  35          
  36          //定时器初始化
  37          void init_timer()
  38          {
  39   1        TMOD=0x01;
  40   1        TH0=(65536-10000)/256;
  41   1        TL0=(65536-10000)%256;
  42   1        ET0=1;
  43   1        EA=1;
  44   1        TR0=1;
  45   1        IN2=0;
  46   1      }
  47          
  48          void main()
  49          {
  50   1        init_timer();
  51   1        while(1)
  52   1        {
  53   2          motor();
  54   2        }
C51 COMPILER V9.59.0.0   PROJECT                                                           04/17/2022 15:47:08 PAGE 2   

  55   1      }
  56          
  57          //定时中断
  58          void timer_isr() interrupt 1
  59          {
  60   1        uint count;
  61   1        TH0=valueh[count];//(65536-value[count])/256;
  62   1        TL0=valuel[count];//(65536-value[count])%256;
  63   1        IN2=~IN2;
  64   1        count++;
  65   1        if(count==2)
  66   1        {
  67   2          count=0;
  68   2        }
  69   1      }


MODULE INFORMATION:   STATIC OVERLAYABLE
   CODE SIZE        =    119    ----
   CONSTANT SIZE    =   ----    ----
   XDATA SIZE       =   ----    ----
   PDATA SIZE       =   ----    ----
   DATA SIZE        =      4       2
   IDATA SIZE       =   ----    ----
   BIT SIZE         =   ----    ----
END OF MODULE INFORMATION.


C51 COMPILATION COMPLETE.  0 WARNING(S),  0 ERROR(S)
