C51 COMPILER V9.59.0.0   PROJECT                                                           04/12/2022 10:00:08 PAGE 1   


C51 COMPILER V9.59.0.0, COMPILATION OF MODULE PROJECT
OBJECT MODULE PLACED IN .\Objects\Project.obj
COMPILER INVOKED BY: C:\Program Files\MDK\C51\BIN\C51.EXE Project.c OPTIMIZE(8,SPEED) BROWSE DEBUG OBJECTEXTEND PRINT(.\
                    -Listings\Project.lst) TABS(2) OBJECT(.\Objects\Project.obj)

line level    source

   1          /**
   2          Title:
   3          Authors:DDH-qiu
   4          Date:2022-
   5          Abstract:
   6          **/
   7          #include"reg51.h"
   8          unsigned char str[]={0x76,0x79,0x38,0x38,0x3f};//hello¶ÎÂë
   9          unsigned char wei[]={0x01,0x02,0x04,0x08,0x10,0x20,0x40,0x80};//Î»Âë
  10          
  11          void delay(unsigned int n)
  12          {
  13   1        unsigned int i=0,j=0;
  14   1        for(i=0;i<n;i++)
  15   1        {
  16   2          for(j=0;j<120;j++);
  17   2        }
  18   1      }
  19          
  20          void seg()
  21          {
  22   1        int i=0;
  23   1        for(i=0;i<5;i++)
  24   1        {
  25   2          P1=~wei[i];
  26   2          P2=str[i];
  27   2          delay(5);
  28   2        }
  29   1      }
  30          
  31          void main()
  32          {
  33   1        while(1)
  34   1        {
  35   2          seg();
  36   2        }
  37   1      }


MODULE INFORMATION:   STATIC OVERLAYABLE
   CODE SIZE        =     78    ----
   CONSTANT SIZE    =   ----    ----
   XDATA SIZE       =   ----    ----
   PDATA SIZE       =   ----    ----
   DATA SIZE        =     13    ----
   IDATA SIZE       =   ----    ----
   BIT SIZE         =   ----    ----
END OF MODULE INFORMATION.


C51 COMPILATION COMPLETE.  0 WARNING(S),  0 ERROR(S)
