C51 COMPILER V9.59.0.0   PROJECT                                                           04/15/2022 16:57:32 PAGE 1   


C51 COMPILER V9.59.0.0, COMPILATION OF MODULE PROJECT
OBJECT MODULE PLACED IN .\Objects\Project.obj
COMPILER INVOKED BY: C:\Program Files\MDK\C51\BIN\C51.EXE Project.c OPTIMIZE(8,SPEED) BROWSE DEBUG OBJECTEXTEND PRINT(.\
                    -Listings\Project.lst) TABS(2) OBJECT(.\Objects\Project.obj)

line level    source

   1          /**
   2          Title:串口通信实践
   3          Authors:DDH-qiu
   4          Date:2022-4-15
   5          Abstract:P3.0，p3.2串口通信实践
   6          **/
   7          #include"reg51.h"
   8          unsigned char recdat=0;
   9          unsigned char flag=0;
  10          
  11          //串口通信初始化
  12          void init_scon()
  13          {
  14   1        SCON=0x50;//配置串口通信初始化
  15   1        TMOD=0x20;
  16   1        TH1=256-3;
  17   1        TL1=256-3;
  18   1        ES=1;
  19   1        EA=1;
  20   1        TR1=1;
  21   1      }
  22          
  23          void senddat()
  24          {
  25   1        SBUF=recdat;
  26   1        while(!TI);
  27   1        TI=0;
  28   1      }
  29          
  30          void main()
  31          {
  32   1        init_scon();
  33   1        while(1)
  34   1        {
  35   2          if(flag==1)
  36   2          {
  37   3            senddat();
  38   3            flag=0;
  39   3          }
  40   2          
  41   2        }
  42   1      }
  43          
  44          void scon_isr() interrupt 4
  45          {
  46   1        recdat=SBUF;
  47   1        RI=0;
  48   1        flag=1;
  49   1      }


MODULE INFORMATION:   STATIC OVERLAYABLE
   CODE SIZE        =     53    ----
   CONSTANT SIZE    =   ----    ----
C51 COMPILER V9.59.0.0   PROJECT                                                           04/15/2022 16:57:32 PAGE 2   

   XDATA SIZE       =   ----    ----
   PDATA SIZE       =   ----    ----
   DATA SIZE        =      2    ----
   IDATA SIZE       =   ----    ----
   BIT SIZE         =   ----    ----
END OF MODULE INFORMATION.


C51 COMPILATION COMPLETE.  0 WARNING(S),  0 ERROR(S)
