A51 MACRO ASSEMBLER  L_1                                                                  03/24/2022 20:33:11 PAGE     1


MACRO ASSEMBLER A51 V8.2.7.0
OBJECT MODULE PLACED IN .\Objects\L-1.obj
ASSEMBLER INVOKED BY: C:\Program Files\MDK\C51\BIN\A51.EXE Code\L-1.a51 SET(SMALL) DEBUG PRINT(.\Listings\L-1.lst) OBJEC
                      T(.\Objects\L-1.obj) EP

LOC  OBJ            LINE     SOURCE

                       1     ;-----------------
                       2     ;Title:Æ¬ÍâRAMÖÐÊ¾Ý´«ËÍµ½Æ¬ÄÚ
                       3     ;Authors:DDH-qiu
                       4     ;Date:2022-3-22
                       5     ;Abstract:°ÑÆ¬ÍâRAM´Ó2000H¿ªÊ¼´æ·ÅµÄ8¸öÊ´«ËÍµ½Æ¬ÄÚ30H¿ªÊ¼µÄµ¥ÔªÖÐ
                       6     ;-----------------
0000 7808              7             MOV R0,#08H
0002 902000            8             MOV DPTR,#2000H
0005 7930              9             MOV R1,#30H
0007 E0               10             REL:MOVX A,@DPTR
0008 F7               11             MOV @R1,A
0009 A3               12             INC DPTR
000A 09               13             INC R1
000B D8FA             14             DJNZ R0,REL
                      15             END
A51 MACRO ASSEMBLER  L_1                                                                  03/24/2022 20:33:11 PAGE     2

SYMBOL TABLE LISTING
------ ----- -------


N A M E             T Y P E  V A L U E   ATTRIBUTES

REL. . . . . . . .  C ADDR   0007H   A   


REGISTER BANK(S) USED: 0 


ASSEMBLY COMPLETE.  0 WARNING(S), 0 ERROR(S)
