A51 MACRO ASSEMBLER  PROJECT                                                              03/31/2022 22:13:09 PAGE     1


MACRO ASSEMBLER A51 V8.2.7.0
OBJECT MODULE PLACED IN .\Objects\Project.obj
ASSEMBLER INVOKED BY: C:\Program Files\MDK\C51\BIN\A51.EXE Project.a51 SET(SMALL) DEBUG PRINT(.\Listings\Project.lst) OB
                      JECT(.\Objects\Project.obj) EP

LOC  OBJ            LINE     SOURCE

                       1     ;-----------------
                       2     ;Title:实验七：P1口输入输出实验
                       3     ;Authors:DDH-qiu
                       4     ;Date:2022-3-22
                       5     ;Abstract:实现流水灯的程序
                       6     ;-----------------
0000                   7     ORG 0000H
0000 020040            8             LJMP START
0040                   9             ORG 0040H
0040 74FE             10                     START:MOV A,#0FEH
0042 7A08             11                     MOV R2,#8
0044 F590             12                     OUTPUT:MOV P1,A
0046 23               13                     RL A
0047 1150             14                     ACALL DELAY
0049 DAF9             15                     DJNZ R2,OUTPUT
004B 020040           16                     LJMP START
004E 7E00             17                     MOV R6,#0
0050 7F00             18                     DELAY:MOV R7,#0
0052 DFFE             19                     DELAYLOOP:DJNZ R7,DELAYLOOP
0054 DEFA             20                     DJNZ R6,DELAY
0056 22               21                     RET
                      22                     END
A51 MACRO ASSEMBLER  PROJECT                                                              03/31/2022 22:13:09 PAGE     2

SYMBOL TABLE LISTING
------ ----- -------


N A M E             T Y P E  V A L U E   ATTRIBUTES

DELAY. . . . . . .  C ADDR   0050H   A   
DELAYLOOP. . . . .  C ADDR   0052H   A   
OUTPUT . . . . . .  C ADDR   0044H   A   
P1 . . . . . . . .  D ADDR   0090H   A   
START. . . . . . .  C ADDR   0040H   A   


REGISTER BANK(S) USED: 0 


ASSEMBLY COMPLETE.  0 WARNING(S), 0 ERROR(S)
